

================================================================
== Synthesis Summary Report of 'doGain'
================================================================
+ General Information: 
    * Date:           Tue Jul 23 12:22:18 2024
    * Version:        2023.2 (Build 4023990 on Oct 11 2023)
    * Project:        VitisHLS
    * Solution:       solution1 (Vivado IP Flow Target)
    * Product family: zynq
    * Target device:  xc7z007s-clg400-1
    

+ Performance & Resource Estimates: 
    
    PS: '+' for module; 'o' for loop; '*' for dataflow
    +--------------------+------+------+---------+-----------+----------+---------+------+----------+------+--------+----------+----------+-----+
    |       Modules      | Issue|      | Latency |  Latency  | Iteration|         | Trip |          |      |        |          |          |     |
    |       & Loops      | Type | Slack| (cycles)|    (ns)   |  Latency | Interval| Count| Pipelined| BRAM |   DSP  |    FF    |    LUT   | URAM|
    +--------------------+------+------+---------+-----------+----------+---------+------+----------+------+--------+----------+----------+-----+
    |+ doGain            |     -|  0.39|     1005|  1.005e+04|         -|     1006|     -|        no|     -|  3 (4%)|  759 (2%)|  449 (3%)|    -|
    | o VITIS_LOOP_14_1  |     -|  7.30|     1003|  1.003e+04|         5|        1|  1000|       yes|     -|       -|         -|         -|    -|
    +--------------------+------+------+---------+-----------+----------+---------+------+----------+------+--------+----------+----------+-----+


================================================================
== HW Interfaces
================================================================
* S_AXILITE Interfaces
+----------------+------------+---------------+--------+----------+
| Interface      | Data Width | Address Width | Offset | Register |
+----------------+------------+---------------+--------+----------+
| s_axi_CTRL_BUS | 32         | 5             | 16     | 0        |
+----------------+------------+---------------+--------+----------+

* S_AXILITE Registers
+----------------+----------+--------+-------+--------+----------------------------------+----------------------------------------------------------------------+
| Interface      | Register | Offset | Width | Access | Description                      | Bit Fields                                                           |
+----------------+----------+--------+-------+--------+----------------------------------+----------------------------------------------------------------------+
| s_axi_CTRL_BUS | CTRL     | 0x00   | 32    | RW     | Control signals                  | 0=AP_START 1=AP_DONE 2=AP_IDLE 3=AP_READY 7=AUTO_RESTART 9=INTERRUPT |
| s_axi_CTRL_BUS | GIER     | 0x04   | 32    | RW     | Global Interrupt Enable Register | 0=Enable                                                             |
| s_axi_CTRL_BUS | IP_IER   | 0x08   | 32    | RW     | IP Interrupt Enable Register     | 0=CHAN0_INT_EN 1=CHAN1_INT_EN                                        |
| s_axi_CTRL_BUS | IP_ISR   | 0x0c   | 32    | RW     | IP Interrupt Status Register     | 0=CHAN0_INT_ST 1=CHAN1_INT_ST                                        |
| s_axi_CTRL_BUS | gain     | 0x10   | 32    | W      | Data signal of gain              |                                                                      |
+----------------+----------+--------+-------+--------+----------------------------------+----------------------------------------------------------------------+

* AXIS
+-----------+-----------+---------------+-------+-------+-----+-------+-------+--------+-------+-------+--------+
| Interface | Direction | Register Mode | TDATA | TDEST | TID | TKEEP | TLAST | TREADY | TSTRB | TUSER | TVALID |
+-----------+-----------+---------------+-------+-------+-----+-------+-------+--------+-------+-------+--------+
| inStream  | in        | both          | 32    | 6     | 5   | 4     | 1     | 1      | 4     | 2     | 1      |
| outStream | out       | both          | 32    | 6     | 5   | 4     | 1     | 1      | 4     | 2     | 1      |
+-----------+-----------+---------------+-------+-------+-----+-------+-------+--------+-------+-------+--------+

* TOP LEVEL CONTROL
+-----------+------------+-----------+
| Interface | Type       | Ports     |
+-----------+------------+-----------+
| ap_clk    | clock      | ap_clk    |
| ap_rst_n  | reset      | ap_rst_n  |
| interrupt | interrupt  | interrupt |
| ap_ctrl   | ap_ctrl_hs |           |
+-----------+------------+-----------+


================================================================
== SW I/O Information
================================================================
* Top Function Arguments
+-----------+-----------+--------------------------------------------------------+
| Argument  | Direction | Datatype                                               |
+-----------+-----------+--------------------------------------------------------+
| inStream  | in        | stream<hls::axis<ap_int<32>, 2, 5, 6, '8', false>, 0>& |
| outStream | out       | stream<hls::axis<ap_int<32>, 2, 5, 6, '8', false>, 0>& |
| gain      | in        | int                                                    |
+-----------+-----------+--------------------------------------------------------+

* SW-to-HW Mapping
+-----------+----------------+-----------+--------------------------------+
| Argument  | HW Interface   | HW Type   | HW Info                        |
+-----------+----------------+-----------+--------------------------------+
| inStream  | inStream       | interface |                                |
| outStream | outStream      | interface |                                |
| gain      | s_axi_CTRL_BUS | register  | name=gain offset=0x10 range=32 |
+-----------+----------------+-----------+--------------------------------+


================================================================
== Bind Op Report
================================================================
+-------------------------+-----+--------+-------------+-----+--------+---------+
| Name                    | DSP | Pragma | Variable    | Op  | Impl   | Latency |
+-------------------------+-----+--------+-------------+-----+--------+---------+
| + doGain                | 3   |        |             |     |        |         |
|   idx_2_fu_157_p2       |     |        | idx_2       | add | fabric | 0       |
|   mul_32s_32s_32_2_1_U1 | 3   |        | valOut_data | mul | auto   | 1       |
+-------------------------+-----+--------+-------------+-----+--------+---------+


================================================================
== Storage Report
================================================================
+--------------------+-----------+-----------+------+------+--------+----------+------+---------+------------------+
| Name               | Usage     | Type      | BRAM | URAM | Pragma | Variable | Impl | Latency | Bitwidth, Depth, |
|                    |           |           |      |      |        |          |      |         | Banks            |
+--------------------+-----------+-----------+------+------+--------+----------+------+---------+------------------+
| + doGain           |           |           | 0    | 0    |        |          |      |         |                  |
|   CTRL_BUS_s_axi_U | interface | s_axilite |      |      |        |          |      |         |                  |
+--------------------+-----------+-----------+------+------+--------+----------+------+---------+------------------+


================================================================
== Pragma Report
================================================================
* Valid Pragma Syntax
+-----------+---------------------------------------+------------------------------------------+
| Type      | Options                               | Location                                 |
+-----------+---------------------------------------+------------------------------------------+
| interface | axis port=outStream                   | VitisHLS/core.cpp:8 in dogain, outStream |
| interface | axis port=inStream                    | VitisHLS/core.cpp:9 in dogain, inStream  |
| interface | s_axilite port=gain bundle=CTRL_BUS   | VitisHLS/core.cpp:10 in dogain, gain     |
| interface | s_axilite port=return bundle=CTRL_BUS | VitisHLS/core.cpp:11 in dogain, return   |
| pipeline  |                                       | VitisHLS/core.cpp:15 in dogain           |
+-----------+---------------------------------------+------------------------------------------+


