

================================================================
== Vitis HLS Report for 'doGain'
================================================================
* Date:           Tue Jul 23 12:22:18 2024

* Version:        2023.2 (Build 4023990 on Oct 11 2023)
* Project:        VitisHLS
* Solution:       solution1 (Vivado IP Flow Target)
* Product family: zynq
* Target device:  xc7z007s-clg400-1


================================================================
== Performance Estimates
================================================================
+ Timing: 
    * Summary: 
    +--------+----------+----------+------------+
    |  Clock |  Target  | Estimated| Uncertainty|
    +--------+----------+----------+------------+
    |ap_clk  |  10.00 ns|  6.912 ns|     2.70 ns|
    +--------+----------+----------+------------+

+ Latency: 
    * Summary: 
    +---------+---------+-----------+-----------+------+------+---------+
    |  Latency (cycles) |   Latency (absolute)  |   Interval  | Pipeline|
    |   min   |   max   |    min    |    max    |  min |  max |   Type  |
    +---------+---------+-----------+-----------+------+------+---------+
    |     1005|     1005|  10.050 us|  10.050 us|  1006|  1006|       no|
    +---------+---------+-----------+-----------+------+------+---------+

    + Detail: 
        * Instance: 
        N/A

        * Loop: 
        +-------------------+---------+---------+----------+-----------+-----------+------+----------+
        |                   |  Latency (cycles) | Iteration|  Initiation Interval  | Trip |          |
        |     Loop Name     |   min   |   max   |  Latency |  achieved |   target  | Count| Pipelined|
        +-------------------+---------+---------+----------+-----------+-----------+------+----------+
        |- VITIS_LOOP_14_1  |     1003|     1003|         5|          1|          1|  1000|       yes|
        +-------------------+---------+---------+----------+-----------+-----------+------+----------+



================================================================
== Utilization Estimates
================================================================
* Summary: 
+-----------------+---------+----+-------+-------+-----+
|       Name      | BRAM_18K| DSP|   FF  |  LUT  | URAM|
+-----------------+---------+----+-------+-------+-----+
|DSP              |        -|   -|      -|      -|    -|
|Expression       |        -|   -|      0|     36|    -|
|FIFO             |        -|   -|      -|      -|    -|
|Instance         |        0|   3|    239|    154|    -|
|Memory           |        -|   -|      -|      -|    -|
|Multiplexer      |        -|   -|      -|     65|    -|
|Register         |        -|   -|    520|    192|    -|
+-----------------+---------+----+-------+-------+-----+
|Total            |        0|   3|    759|    447|    0|
+-----------------+---------+----+-------+-------+-----+
|Available        |      100|  66|  28800|  14400|    0|
+-----------------+---------+----+-------+-------+-----+
|Utilization (%)  |        0|   4|      2|      3|    0|
+-----------------+---------+----+-------+-------+-----+

+ Detail: 
    * Instance: 
    +-----------------------+--------------------+---------+----+-----+-----+-----+
    |        Instance       |       Module       | BRAM_18K| DSP|  FF | LUT | URAM|
    +-----------------------+--------------------+---------+----+-----+-----+-----+
    |CTRL_BUS_s_axi_U       |CTRL_BUS_s_axi      |        0|   0|   74|  104|    0|
    |mul_32s_32s_32_2_1_U1  |mul_32s_32s_32_2_1  |        0|   3|  165|   50|    0|
    +-----------------------+--------------------+---------+----+-----+-----+-----+
    |Total                  |                    |        0|   3|  239|  154|    0|
    +-----------------------+--------------------+---------+----+-----+-----+-----+

    * DSP: 
    N/A

    * Memory: 
    N/A

    * FIFO: 
    N/A

    * Expression: 
    +----------------------------------+----------+----+---+----+------------+------------+
    |           Variable Name          | Operation| DSP| FF| LUT| Bitwidth P0| Bitwidth P1|
    +----------------------------------+----------+----+---+----+------------+------------+
    |idx_2_fu_157_p2                   |         +|   0|  0|  13|          10|           1|
    |ap_block_state2_pp0_stage0_iter0  |       and|   0|  0|   2|           1|           1|
    |icmp_ln14_fu_151_p2               |      icmp|   0|  0|  13|          10|           6|
    |ap_block_pp0_stage0_01001         |        or|   0|  0|   2|           1|           1|
    |ap_block_pp0_stage0_11001         |        or|   0|  0|   2|           1|           1|
    |ap_enable_pp0                     |       xor|   0|  0|   2|           1|           2|
    |ap_enable_reg_pp0_iter1           |       xor|   0|  0|   2|           2|           1|
    +----------------------------------+----------+----+---+----+------------+------------+
    |Total                             |          |   0|  0|  36|          26|          13|
    +----------------------------------+----------+----+---+----+------------+------------+

    * Multiplexer: 
    +-------------------------+----+-----------+-----+-----------+
    |           Name          | LUT| Input Size| Bits| Total Bits|
    +-------------------------+----+-----------+-----+-----------+
    |ap_NS_fsm                |  20|          4|    1|          4|
    |ap_enable_reg_pp0_iter1  |   9|          2|    1|          2|
    |ap_enable_reg_pp0_iter4  |   9|          2|    1|          2|
    |idx_fu_86                |   9|          2|   10|         20|
    |inStream_TDATA_blk_n     |   9|          2|    1|          2|
    |outStream_TDATA_blk_n    |   9|          2|    1|          2|
    +-------------------------+----+-----------+-----+-----------+
    |Total                    |  65|         14|   15|         32|
    +-------------------------+----+-----------+-----+-----------+

    * Register: 
    +-------------------------+----+----+-----+-----------+
    |           Name          | FF | LUT| Bits| Const Bits|
    +-------------------------+----+----+-----+-----------+
    |ap_CS_fsm                |   3|   0|    3|          0|
    |ap_enable_reg_pp0_iter0  |   1|   0|    1|          0|
    |ap_enable_reg_pp0_iter1  |   1|   0|    1|          0|
    |ap_enable_reg_pp0_iter2  |   1|   0|    1|          0|
    |ap_enable_reg_pp0_iter3  |   1|   0|    1|          0|
    |ap_enable_reg_pp0_iter4  |   1|   0|    1|          0|
    |gain_read_reg_203        |  32|   0|   32|          0|
    |idx_fu_86                |  10|   0|   10|          0|
    |valIn_data_reg_211       |  32|   0|   32|          0|
    |valIn_dest_reg_241       |   6|   0|    6|          0|
    |valIn_id_reg_236         |   5|   0|    5|          0|
    |valIn_keep_reg_216       |   4|   0|    4|          0|
    |valIn_last_reg_231       |   1|   0|    1|          0|
    |valIn_strb_reg_221       |   4|   0|    4|          0|
    |valIn_user_reg_226       |   2|   0|    2|          0|
    |valOut_data_reg_246      |  32|   0|   32|          0|
    |valIn_dest_reg_241       |  64|  32|    6|          0|
    |valIn_id_reg_236         |  64|  32|    5|          0|
    |valIn_keep_reg_216       |  64|  32|    4|          0|
    |valIn_last_reg_231       |  64|  32|    1|          0|
    |valIn_strb_reg_221       |  64|  32|    4|          0|
    |valIn_user_reg_226       |  64|  32|    2|          0|
    +-------------------------+----+----+-----+-----------+
    |Total                    | 520| 192|  158|          0|
    +-------------------------+----+----+-----+-----------+



================================================================
== Interface
================================================================
* Summary: 
+------------------------+-----+-----+------------+--------------------+--------------+
|        RTL Ports       | Dir | Bits|  Protocol  |    Source Object   |    C Type    |
+------------------------+-----+-----+------------+--------------------+--------------+
|s_axi_CTRL_BUS_AWVALID  |   in|    1|       s_axi|            CTRL_BUS|        scalar|
|s_axi_CTRL_BUS_AWREADY  |  out|    1|       s_axi|            CTRL_BUS|        scalar|
|s_axi_CTRL_BUS_AWADDR   |   in|    5|       s_axi|            CTRL_BUS|        scalar|
|s_axi_CTRL_BUS_WVALID   |   in|    1|       s_axi|            CTRL_BUS|        scalar|
|s_axi_CTRL_BUS_WREADY   |  out|    1|       s_axi|            CTRL_BUS|        scalar|
|s_axi_CTRL_BUS_WDATA    |   in|   32|       s_axi|            CTRL_BUS|        scalar|
|s_axi_CTRL_BUS_WSTRB    |   in|    4|       s_axi|            CTRL_BUS|        scalar|
|s_axi_CTRL_BUS_ARVALID  |   in|    1|       s_axi|            CTRL_BUS|        scalar|
|s_axi_CTRL_BUS_ARREADY  |  out|    1|       s_axi|            CTRL_BUS|        scalar|
|s_axi_CTRL_BUS_ARADDR   |   in|    5|       s_axi|            CTRL_BUS|        scalar|
|s_axi_CTRL_BUS_RVALID   |  out|    1|       s_axi|            CTRL_BUS|        scalar|
|s_axi_CTRL_BUS_RREADY   |   in|    1|       s_axi|            CTRL_BUS|        scalar|
|s_axi_CTRL_BUS_RDATA    |  out|   32|       s_axi|            CTRL_BUS|        scalar|
|s_axi_CTRL_BUS_RRESP    |  out|    2|       s_axi|            CTRL_BUS|        scalar|
|s_axi_CTRL_BUS_BVALID   |  out|    1|       s_axi|            CTRL_BUS|        scalar|
|s_axi_CTRL_BUS_BREADY   |   in|    1|       s_axi|            CTRL_BUS|        scalar|
|s_axi_CTRL_BUS_BRESP    |  out|    2|       s_axi|            CTRL_BUS|        scalar|
|ap_clk                  |   in|    1|  ap_ctrl_hs|              doGain|  return value|
|ap_rst_n                |   in|    1|  ap_ctrl_hs|              doGain|  return value|
|interrupt               |  out|    1|  ap_ctrl_hs|              doGain|  return value|
|inStream_TDATA          |   in|   32|        axis|   inStream_V_data_V|       pointer|
|inStream_TVALID         |   in|    1|        axis|   inStream_V_dest_V|       pointer|
|inStream_TREADY         |  out|    1|        axis|   inStream_V_dest_V|       pointer|
|inStream_TDEST          |   in|    6|        axis|   inStream_V_dest_V|       pointer|
|inStream_TKEEP          |   in|    4|        axis|   inStream_V_keep_V|       pointer|
|inStream_TSTRB          |   in|    4|        axis|   inStream_V_strb_V|       pointer|
|inStream_TUSER          |   in|    2|        axis|   inStream_V_user_V|       pointer|
|inStream_TLAST          |   in|    1|        axis|   inStream_V_last_V|       pointer|
|inStream_TID            |   in|    5|        axis|     inStream_V_id_V|       pointer|
|outStream_TDATA         |  out|   32|        axis|  outStream_V_data_V|       pointer|
|outStream_TVALID        |  out|    1|        axis|  outStream_V_dest_V|       pointer|
|outStream_TREADY        |   in|    1|        axis|  outStream_V_dest_V|       pointer|
|outStream_TDEST         |  out|    6|        axis|  outStream_V_dest_V|       pointer|
|outStream_TKEEP         |  out|    4|        axis|  outStream_V_keep_V|       pointer|
|outStream_TSTRB         |  out|    4|        axis|  outStream_V_strb_V|       pointer|
|outStream_TUSER         |  out|    2|        axis|  outStream_V_user_V|       pointer|
|outStream_TLAST         |  out|    1|        axis|  outStream_V_last_V|       pointer|
|outStream_TID           |  out|    5|        axis|    outStream_V_id_V|       pointer|
+------------------------+-----+-----+------------+--------------------+--------------+

