#-----------------------------------------------------------
# Vivado v2023.2 (64-bit)
# SW Build 4029153 on Fri Oct 13 20:14:34 MDT 2023
# IP Build 4028589 on Sat Oct 14 00:45:43 MDT 2023
# SharedData Build 4025554 on Tue Oct 10 17:18:54 MDT 2023
# Start of session at: Fri Aug  2 15:07:42 2024
# Process ID: 15740
# Current directory: C:/Research/CU-Spur-Sean/spurFPGA/VitisHLS/sparsefpgaimp/loop_uhat_sparse_imp/impl/verilog/project.runs/bd_0_hls_inst_0_synth_1
# Command line: vivado.exe -log bd_0_hls_inst_0.vds -product Vivado -mode batch -messageDb vivado.pb -notrace -source bd_0_hls_inst_0.tcl
# Log file: C:/Research/CU-Spur-Sean/spurFPGA/VitisHLS/sparsefpgaimp/loop_uhat_sparse_imp/impl/verilog/project.runs/bd_0_hls_inst_0_synth_1/bd_0_hls_inst_0.vds
# Journal file: C:/Research/CU-Spur-Sean/spurFPGA/VitisHLS/sparsefpgaimp/loop_uhat_sparse_imp/impl/verilog/project.runs/bd_0_hls_inst_0_synth_1\vivado.jou
# Running On: gerard, OS: Windows, CPU Frequency: 3993 MHz, CPU Physical cores: 16, Host memory: 33515 MB
#-----------------------------------------------------------
source bd_0_hls_inst_0.tcl -notrace
